// Jest Snapshot v1, https://goo.gl/fbAQLP

exports[`<Main /> shoud render colors correct 1`] = `
<main
  class="styles__Wrapper-dzx1ao-0 dMywMa"
>
  <img
    alt="Imagem de um átomo e React Avançado escrito ao lado."
    class="styles__Logo-dzx1ao-1 dcISKB"
    src="/img/logo.svg"
  />
  <h1
    class="styles__Title-dzx1ao-2 kSTVFj"
  >
    React Avançado
  </h1>
  <h2
    class="styles__Description-dzx1ao-3 edoRUQ"
  >
    TypeScript, ReactJS, NextJS e Styled Components
  </h2>
  <h3
    class="styles__Author-dzx1ao-4 iZwehP"
  >
    by: 
    Allan Passos
  </h3>
  <img
    alt="Um desenvolvedor de frente para uma tela com código."
    class="styles__Illustration-dzx1ao-5 eOjuXo"
    src="/img/hero-illustration.svg"
  />
</main>
`;

exports[`<Main /> should render the heading 1`] = `
<main
  class="styles__Wrapper-dzx1ao-0 dMywMa"
>
  <img
    alt="Imagem de um átomo e React Avançado escrito ao lado."
    class="styles__Logo-dzx1ao-1 dcISKB"
    src="/img/logo.svg"
  />
  <h1
    class="styles__Title-dzx1ao-2 kSTVFj"
  >
    React Avançado
  </h1>
  <h2
    class="styles__Description-dzx1ao-3 edoRUQ"
  >
    TypeScript, ReactJS, NextJS e Styled Components
  </h2>
  <h3
    class="styles__Author-dzx1ao-4 iZwehP"
  >
    by: 
    Allan Passos
  </h3>
  <img
    alt="Um desenvolvedor de frente para uma tela com código."
    class="styles__Illustration-dzx1ao-5 eOjuXo"
    src="/img/hero-illustration.svg"
  />
</main>
`;
